start : 2026-10-07T00:32:03-06:00  on easley011  cpus=32
2026-10-07 00:32:07,476 INFO stage qc: start (never run in this folder)
2026-10-07 00:32:07,476 INFO reading /easley/scratch/projects/amitra/amitra2016502/Xenium_Prime_Human_Lymph_Node_Reactive_FFPE_outs
2026-10-07 00:32:14,438 INFO matrix: 708983 cells x 4624 genes
2026-10-07 00:32:41,894 INFO filter summary:
                   n_cells_flagged  fraction
low_transcripts              13287  0.018741
low_genes                     3840  0.005416
high_control_frac              154  0.000217
area_outlier                 14159  0.019971
no_nucleus                    6683  0.009426
ANY                          31401  0.044290
KEPT                        677582  0.955710
2026-10-07 00:33:20,260 INFO kept 677582 cells, 4623 genes -> /easley/scratch/projects/amitra/amitra2016502/annotation_st_runs/ln/checkpoints/xenium_ln_01_qc.h5ad
2026-10-07 00:33:20,300 INFO stage qc: completed
2026-10-07 00:33:20,302 INFO stage lineage: start (never run in this folder)
2026-10-07 00:33:29,436 INFO loaded 677582 cells x 4623 genes
2026-10-07 00:40:30,525 INFO leiden: 23 clusters
                 n_cells  fraction
cell_type                         
T_NK              205144  0.302759
B_cell            137997  0.203661
Macrophage_Mono   107352  0.158434
Fibroblast         67676  0.099879
Unassigned         46073  0.067996
Endothelial        35376  0.052209
Dendritic          32013  0.047246
Plasma             23601  0.034831
Pericyte_SMC       16359  0.024143
B_cell_cycling      5985  0.008833
Neutrophil             6  0.000009
2026-10-07 00:42:02,512 INFO wrote /easley/scratch/projects/amitra/amitra2016502/annotation_st_runs/ln/checkpoints/xenium_ln_02_lineage.h5ad
2026-10-07 00:42:02,529 INFO stage lineage: completed
2026-10-07 00:42:02,531 INFO stage caf: start (never run in this folder)
2026-10-07 00:42:20,154 INFO fibroblast compartment: 67676 cells
2026-10-07 00:42:20,155 INFO no CAF marker sets opted in (markers.caf or caf.marker_files); CAF stage skipped
2026-10-07 00:42:20,163 INFO stage caf: skipped
2026-10-07 00:42:20,165 INFO stage csc: start (never run in this folder)
2026-10-07 00:42:37,524 INFO tumour epithelial compartment: 0 cells
2026-10-07 00:42:37,525 INFO no CSC marker set opted in (markers.csc or csc.marker_file); CSC stage skipped
2026-10-07 00:42:37,532 INFO stage csc: skipped
2026-10-07 00:42:37,534 INFO stage immune: start (never run in this folder)
2026-10-07 00:42:55,633 INFO [TNK] 205144 cells from lineages ['T_NK'] (+0 handed off)
2026-10-07 00:46:17,593 INFO [TNK] handing off 15822 cells to Bcell
2026-10-07 00:46:18,341 INFO [Bcell] 183405 cells from lineages ['B_cell', 'Plasma'] (+15822 handed off)
2026-10-07 00:49:17,259 INFO [Myeloid] 107352 cells from lineages ['Macrophage_Mono'] (+0 handed off)
2026-10-07 00:50:49,488 INFO [TNK] final subtypes:
                   n_cells  fraction           level1  n_spillover_flagged
immune_subtype                                                            
CD4_T_unspecified    79630  0.420606            CD4_T                    0
CD4_naive_memory     28802  0.152132            CD4_T                    0
Treg                 27411  0.144785            CD4_T                    0
mregDC               18487  0.097648           mregDC                    0
CD8_T_unspecified    12887  0.068069            CD8_T                    0
Proliferating_T      10635  0.056174  Proliferating_T                    0
CD8_naive_memory      6206  0.032780            CD8_T                    0
CD8_cytotoxic         4353  0.022993            CD8_T                    0
NK                     911  0.004812               NK                    0
2026-10-07 00:51:23,395 INFO [TNK] wrote /easley/scratch/projects/amitra/amitra2016502/annotation_st_runs/ln/checkpoints/xenium_ln_05_immune_TNK.h5ad
2026-10-07 00:51:23,404 INFO [Bcell] final subtypes:
                 n_cells  fraction           level1  n_spillover_flagged
immune_subtype                                                          
Plasma             90370  0.492735           Plasma                    0
Naive_B            29027  0.158267           B_cell                    0
Memory_B           19367  0.105597           B_cell                    0
T_NK               16072  0.087631          cross_T                    0
B_cell             15815  0.086230           B_cell                    0
Proliferating_B     9557  0.052109  Proliferating_B                    0
Macrophage_Mono     3197  0.017431    cross_Myeloid                    0
2026-10-07 00:51:54,557 INFO [Bcell] wrote /easley/scratch/projects/amitra/amitra2016502/annotation_st_runs/ln/checkpoints/xenium_ln_05_immune_Bcell.h5ad
2026-10-07 00:51:54,566 INFO [Myeloid] final subtypes:
                        n_cells  fraction      level1  n_spillover_flagged
immune_subtype                                                            
T_NK                      44829  0.417589     cross_T                    0
Macrophage_unpolarized    37832  0.352411  Macrophage                11301
TREM2_TAM                 11830  0.110198  Macrophage                   59
cDC_unspecified            5793  0.053963         cDC                    0
M1_macrophage              5455  0.050814  Macrophage                    0
mregDC                     1158  0.010787         cDC                    0
M2_macrophage               455  0.004238  Macrophage                    0
2026-10-07 00:52:13,631 INFO [Myeloid] wrote /easley/scratch/projects/amitra/amitra2016502/annotation_st_runs/ln/checkpoints/xenium_ln_05_immune_Myeloid.h5ad
2026-10-07 00:52:16,846 INFO stage immune: completed
2026-10-07 00:52:16,848 INFO stage merge: start (never run in this folder)
2026-10-07 00:52:41,521 WARNING no current caf result; keeping coarse labels
2026-10-07 00:52:41,522 WARNING no current csc result; keeping coarse labels
2026-10-07 00:52:42,634 INFO final cell types:
                        n_cells  fraction
cell_type_fine                           
Plasma                    90370  0.133371
CD4_T_unspecified         79630  0.117521
Fibroblast                67676  0.099879
T_NK                      60901  0.089880
Unassigned                46073  0.067996
Macrophage_unpolarized    37832  0.055834
Endothelial               35376  0.052209
Dendritic                 32013  0.047246
Naive_B                   29027  0.042839
CD4_naive_memory          28802  0.042507
Treg                      27411  0.040454
mregDC                    19645  0.028993
Memory_B                  19367  0.028583
Pericyte_SMC              16359  0.024143
B_cell                    15815  0.023340
CD8_T_unspecified         12887  0.019019
TREM2_TAM                 11830  0.017459
Proliferating_T           10635  0.015696
Proliferating_B            9557  0.014105
CD8_naive_memory           6206  0.009159
cDC_unspecified            5793  0.008550
M1_macrophage              5455  0.008051
CD8_cytotoxic              4353  0.006424
Macrophage_Mono            3197  0.004718
NK                          911  0.001344
M2_macrophage               455  0.000672
Neutrophil                    6  0.000009
2026-10-07 00:52:48,457 INFO drew /easley/scratch/projects/amitra/amitra2016502/annotation_st_runs/ln/figures/spatial_cell_type_fine (.png, .pdf): 27 labels in 9 legend groups
2026-10-07 00:54:02,676 INFO wrote /easley/scratch/projects/amitra/amitra2016502/annotation_st_runs/ln/checkpoints/xenium_ln_06_final.h5ad
2026-10-07 00:54:02,707 INFO stage merge: completed
2026-10-07 00:54:02,709 INFO stage spatial: start (never run in this folder)
[34mINFO    [0m Creating graph using `generic` coordinates and `[3;35mNone[0m` transform and `[1;36m1[0m`
         libraries.                                                             
2026-10-07 00:56:11,534 INFO spatial graph: 2012380 edges (edge cut at 21.7 um)
2026-10-07 00:56:19,493 INFO neighbourhood composition:
Empty DataFrame
Columns: []
Index: []
2026-10-07 00:57:36,381 INFO wrote /easley/scratch/projects/amitra/amitra2016502/annotation_st_runs/ln/checkpoints/xenium_ln_06_final.h5ad
2026-10-07 00:57:36,405 INFO stage spatial: completed
pipeline done: 2026-10-07T00:57:38-06:00

677,582 cells annotated; columns: ['leiden', 'lineage', 'cell_type', 'cell_type_fine', 'caf_subtype_cell', 'immune_compartment', 'immune_subtype', 'csc_status', 'csc_OCSC_z']

== lineage (10 labels)
                      n    pct
lineage                       
T_NK             205144  30.28
B_cell           143982  21.25
Macrophage_Mono  107352  15.84
Fibroblast        67676   9.99
Unassigned        46073   6.80
Endothelial       35376   5.22
Dendritic         32013   4.72
Plasma            23601   3.48
Pericyte_SMC      16359   2.41
Neutrophil            6   0.00

== cell_type (10 labels)
                      n    pct
cell_type                     
T_NK             205394  30.31
Macrophage_Mono  110549  16.32
Plasma            90370  13.34
B_cell            73766  10.89
Fibroblast        67676   9.99
Unassigned        46073   6.80
Endothelial       35376   5.22
Dendritic         32013   4.72
Pericyte_SMC      16359   2.41
Neutrophil            6   0.00

== cell_type_fine (27 labels)
                            n    pct
cell_type_fine                      
Plasma                  90370  13.34
CD4_T_unspecified       79630  11.75
Fibroblast              67676   9.99
T_NK                    60901   8.99
Unassigned              46073   6.80
Macrophage_unpolarized  37832   5.58
Endothelial             35376   5.22
Dendritic               32013   4.72
Naive_B                 29027   4.28
CD4_naive_memory        28802   4.25
Treg                    27411   4.05
mregDC                  19645   2.90
Memory_B                19367   2.86
Pericyte_SMC            16359   2.41
B_cell                  15815   2.33
CD8_T_unspecified       12887   1.90
TREM2_TAM               11830   1.75
Proliferating_T         10635   1.57
Proliferating_B          9557   1.41
CD8_naive_memory         6206   0.92
cDC_unspecified          5793   0.85
M1_macrophage            5455   0.81
CD8_cytotoxic            4353   0.64
Macrophage_Mono          3197   0.47
NK                        911   0.13
M2_macrophage             455   0.07
Neutrophil                  6   0.00
finish: 2026-10-07T00:57:40-06:00
