start : 2026-10-06T23:04:23-06:00  on easley011  cpus=32
2026-10-06 23:04:30,079 INFO stage qc: start (never run in this folder)
2026-10-06 23:04:30,079 INFO reading /easley/scratch/projects/amitra/amitra2016502/Xenium_5k_Human_OV_FFPE_outs
2026-10-06 23:05:11,148 INFO matrix: 1157659 cells x 5001 genes
2026-10-06 23:05:54,331 INFO filter summary:
                   n_cells_flagged  fraction
low_transcripts               5879  0.005078
low_genes                      895  0.000773
high_control_frac               69  0.000060
area_outlier                 23132  0.019982
no_nucleus                   46628  0.040278
ANY                          73851  0.063793
KEPT                       1083808  0.936207
2026-10-06 23:10:07,511 INFO kept 1083808 cells, 5001 genes -> /easley/scratch/projects/amitra/amitra2016502/annotation_st_runs/ov/checkpoints/xenium_ov_01_qc.h5ad
2026-10-06 23:10:07,617 INFO stage qc: completed
2026-10-06 23:10:07,619 INFO stage lineage: start (never run in this folder)
2026-10-06 23:11:01,700 INFO loaded 1083808 cells x 5001 genes
2026-10-06 23:36:22,228 INFO leiden: 21 clusters
                          n_cells  fraction
cell_type                                  
Epithelial_tumor           429906  0.396663
Fibroblast                 148982  0.137462
Macrophage_Mono            146937  0.135575
Epithelial_tumor_cycling    84389  0.077863
Unassigned                  75436  0.069603
T_NK                        74718  0.068940
Ovarian_stroma              58481  0.053959
Endothelial                 37772  0.034851
Plasma                      27047  0.024956
Mesothelial                   140  0.000129
2026-10-06 23:43:12,627 INFO wrote /easley/scratch/projects/amitra/amitra2016502/annotation_st_runs/ov/checkpoints/xenium_ov_02_lineage.h5ad
2026-10-06 23:43:12,647 INFO stage lineage: completed
2026-10-06 23:43:12,649 INFO stage caf: start (never run in this folder)
2026-10-06 23:44:40,192 INFO fibroblast compartment: 148982 cells
2026-10-06 23:46:39,871 INFO iCAF: 35/84 markers on panel
2026-10-06 23:46:39,872 INFO myCAF: 8/16 markers on panel
2026-10-06 23:46:39,872 INFO apCAF: 10/25 markers on panel
2026-10-06 23:46:39,873 INFO CAF subtype counts:
               per_cell  per_subcluster  frac_per_cell
myCAF             42068           61563       0.282370
apCAF             37595           31193       0.252346
FB_unassigned     37160             555       0.249426
iCAF              32159           55671       0.215858
2026-10-06 23:47:42,123 INFO wrote /easley/scratch/projects/amitra/amitra2016502/annotation_st_runs/ov/checkpoints/xenium_ov_03_caf.h5ad
2026-10-06 23:47:42,137 INFO stage caf: completed
2026-10-06 23:47:42,139 INFO stage csc: start (never run in this folder)
2026-10-06 23:49:13,718 INFO tumour epithelial compartment: 514295 cells
2026-10-06 23:49:13,718 INFO CSC markers (13, from config markers.csc); core (8, from config markers.csc_core restricted to the set)
2026-10-06 23:59:43,987 INFO CSC status:
              n_cells  fraction
csc_status                     
Tumor_nonCSC   484234  0.941549
CSC_like        30061  0.058451
2026-10-07 00:03:52,007 INFO wrote /easley/scratch/projects/amitra/amitra2016502/annotation_st_runs/ov/checkpoints/xenium_ov_04_csc.h5ad
2026-10-07 00:03:52,023 INFO stage csc: completed
2026-10-07 00:03:52,025 INFO stage immune: start (never run in this folder)
2026-10-07 00:05:18,973 INFO [TNK] 74718 cells from lineages ['T_NK'] (+0 handed off)
2026-10-07 00:06:44,607 INFO [TNK] handing off 934 cells to Bcell
2026-10-07 00:06:44,920 INFO [Bcell] 27981 cells from lineages ['Plasma'] (+934 handed off)
2026-10-07 00:07:18,698 INFO [Myeloid] 146937 cells from lineages ['Macrophage_Mono'] (+0 handed off)
2026-10-07 00:10:14,278 INFO [TNK] final subtypes:
                   n_cells  fraction           level1  n_spillover_flagged
immune_subtype                                                            
NK                   23875  0.323580               NK                13454
CD8_T_unspecified    12380  0.167787            CD8_T                   13
Treg                 12155  0.164738            CD4_T                 1252
CD4_T_unspecified     7993  0.108330            CD4_T                 5296
Macrophage_Mono       4362  0.059119    cross_Myeloid                    0
CD8_cytotoxic         4288  0.058116            CD8_T                  805
CD4_naive_memory      2486  0.033693            CD4_T                 2283
Proliferating_T       2296  0.031118  Proliferating_T                    0
CD8_naive_memory      1530  0.020736            CD8_T                    1
mregDC                1273  0.017253           mregDC                    0
CD4_Th_effector       1146  0.015532            CD4_T                   27
2026-10-07 00:10:44,558 INFO [TNK] wrote /easley/scratch/projects/amitra/amitra2016502/annotation_st_runs/ov/checkpoints/xenium_ov_05_immune_TNK.h5ad
2026-10-07 00:10:44,567 INFO [Bcell] final subtypes:
                            n_cells  fraction                      level1  n_spillover_flagged
immune_subtype                                                                                
Plasma                        12990  0.464244                      Plasma                 2285
Bcell_spillover_Fibroblast     5939  0.212251  Bcell_spillover_Fibroblast                 2360
Macrophage_Mono                2998  0.107144               cross_Myeloid                    0
Bcell_spillover_Tumor          2881  0.102963       Bcell_spillover_Tumor                    0
Plasmablast                    1417  0.050642                      Plasma                 1384
Proliferating_B                 747  0.026697             Proliferating_B                    0
Memory_B                        414  0.014796                      B_cell                    7
Naive_B                         250  0.008935                      B_cell                    0
GC_B                            227  0.008113                      B_cell                    0
B_cell                           80  0.002859                      B_cell                    2
pDC                              25  0.000893                         pDC                    0
cDC1                             13  0.000465                        cDC1                    0
2026-10-07 00:10:57,500 INFO [Bcell] wrote /easley/scratch/projects/amitra/amitra2016502/annotation_st_runs/ov/checkpoints/xenium_ov_05_immune_Bcell.h5ad
2026-10-07 00:10:57,512 INFO [Myeloid] final subtypes:
                              n_cells  fraction                        level1  n_spillover_flagged
immune_subtype                                                                                    
Macrophage_unpolarized          38307  0.260704                    Macrophage                 6556
Myeloid_spillover_Tumor         34662  0.235897       Myeloid_spillover_Tumor                18624
Myeloid_spillover_Fibroblast    16320  0.111068  Myeloid_spillover_Fibroblast                16320
Hypoxic_TAM                     12565  0.085513                    Macrophage                   45
TREM2_TAM                       11283  0.076788                    Macrophage                   78
M2_macrophage                   10592  0.072085                    Macrophage                   40
Proliferating_myeloid            8661  0.058944         Proliferating_myeloid                    0
Monocyte_unspecified             6863  0.046707                      Monocyte                    0
M1_macrophage                    5855  0.039847                    Macrophage                   16
Monocyte_classical               1669  0.011359                      Monocyte                    0
Osteoclast_like_giant             160  0.001089         Osteoclast_like_giant                    0
2026-10-07 00:11:57,125 INFO [Myeloid] wrote /easley/scratch/projects/amitra/amitra2016502/annotation_st_runs/ov/checkpoints/xenium_ov_05_immune_Myeloid.h5ad
2026-10-07 00:11:58,688 INFO stage immune: completed
2026-10-07 00:11:58,691 INFO stage merge: start (never run in this folder)
2026-10-07 00:14:00,441 INFO final cell types:
                              n_cells  fraction
cell_type_fine                                 
Tumor_nonCSC                   484234  0.446789
Unassigned                      75436  0.069603
Ovarian_stroma                  58481  0.053959
myCAF                           42068  0.038815
Macrophage_unpolarized          38307  0.035345
Endothelial                     37772  0.034851
apCAF                           37595  0.034688
FB_unassigned                   37160  0.034287
Myeloid_spillover_Tumor         34662  0.031982
iCAF                            32159  0.029672
CSC_like                        30061  0.027736
NK                              23875  0.022029
Myeloid_spillover_Fibroblast    16320  0.015058
Plasma                          12990  0.011986
Hypoxic_TAM                     12565  0.011593
CD8_T_unspecified               12380  0.011423
Treg                            12155  0.011215
TREM2_TAM                       11283  0.010411
M2_macrophage                   10592  0.009773
Proliferating_myeloid            8661  0.007991
CD4_T_unspecified                7993  0.007375
Macrophage_Mono                  7360  0.006791
Monocyte_unspecified             6863  0.006332
Bcell_spillover_Fibroblast       5939  0.005480
M1_macrophage                    5855  0.005402
CD8_cytotoxic                    4288  0.003956
Bcell_spillover_Tumor            2881  0.002658
CD4_naive_memory                 2486  0.002294
Proliferating_T                  2296  0.002118
Monocyte_classical               1669  0.001540
CD8_naive_memory                 1530  0.001412
Plasmablast                      1417  0.001307
mregDC                           1273  0.001175
CD4_Th_effector                  1146  0.001057
Proliferating_B                   747  0.000689
Memory_B                          414  0.000382
Naive_B                           250  0.000231
GC_B                              227  0.000209
Osteoclast_like_giant             160  0.000148
Mesothelial                       140  0.000129
B_cell                             80  0.000074
pDC                                25  0.000023
cDC1                               13  0.000012
2026-10-07 00:14:10,897 INFO drew /easley/scratch/projects/amitra/amitra2016502/annotation_st_runs/ov/figures/spatial_cell_type_fine (.png, .pdf): 43 labels in 9 legend groups
2026-10-07 00:20:34,633 INFO wrote /easley/scratch/projects/amitra/amitra2016502/annotation_st_runs/ov/checkpoints/xenium_ov_06_final.h5ad
2026-10-07 00:20:34,677 INFO stage merge: completed
2026-10-07 00:20:34,680 INFO stage spatial: start (never run in this folder)
[34mINFO    [0m Creating graph using `generic` coordinates and `[3;35mNone[0m` transform and `[1;36m1[0m`
         libraries.                                                             
2026-10-07 00:24:52,309 INFO spatial graph: 3218866 edges (edge cut at 38.5 um)
2026-10-07 00:25:09,035 INFO neighbourhood composition:
                              CSC_like  Tumor_nonCSC  log2_ratio_CSC_like_vs_Tumor_nonCSC
B_cell                          0.0000        0.0000                               0.1693
Bcell_spillover_Fibroblast      0.0005        0.0010                              -0.8371
Bcell_spillover_Tumor           0.0003        0.0002                               0.2533
CD4_T_unspecified               0.0036        0.0042                              -0.1819
CD4_Th_effector                 0.0007        0.0012                              -0.6358
CD4_naive_memory                0.0002        0.0005                              -0.8817
CD8_T_unspecified               0.0079        0.0103                              -0.3798
CD8_cytotoxic                   0.0015        0.0018                              -0.2184
CD8_naive_memory                0.0002        0.0002                              -0.0827
CSC_like                        0.1373        0.0382                               1.8445
Endothelial                     0.0070        0.0084                              -0.2613
FB_unassigned                   0.0114        0.0105                               0.1089
GC_B                            0.0001        0.0001                               0.0129
Hypoxic_TAM                     0.0155        0.0052                               1.5618
M1_macrophage                   0.0031        0.0060                              -0.9160
M2_macrophage                   0.0005        0.0011                              -0.9749
Macrophage_Mono                 0.0023        0.0029                              -0.3257
Macrophage_unpolarized          0.0283        0.0275                               0.0415
Memory_B                        0.0001        0.0001                              -0.3023
Mesothelial                     0.0000        0.0000                              -0.0164
Monocyte_classical              0.0022        0.0016                               0.4454
Monocyte_unspecified            0.0088        0.0059                               0.5818
Myeloid_spillover_Fibroblast    0.0029        0.0048                              -0.7415
Myeloid_spillover_Tumor         0.0339        0.0413                              -0.2858
NK                              0.0291        0.0263                               0.1467
Naive_B                         0.0001        0.0001                              -0.3084
Osteoclast_like_giant           0.0002        0.0002                               0.1218
Ovarian_stroma                  0.0001        0.0002                              -0.5258
Plasma                          0.0014        0.0021                              -0.5772
Plasmablast                     0.0010        0.0012                              -0.2735
Proliferating_B                 0.0001        0.0003                              -0.6650
Proliferating_T                 0.0013        0.0018                              -0.4818
Proliferating_myeloid           0.0089        0.0103                              -0.2186
TREM2_TAM                       0.0048        0.0060                              -0.3191
Treg                            0.0089        0.0089                               0.0043
Tumor_nonCSC                    0.6178        0.7354                              -0.2513
Unassigned                      0.0149        0.0082                               0.8549
apCAF                           0.0097        0.0137                              -0.4942
cDC1                            0.0000        0.0000                               0.0461
iCAF                            0.0061        0.0049                               0.3167
mregDC                          0.0001        0.0002                              -0.2526
myCAF                           0.0271        0.0074                               1.8619
pDC                             0.0000        0.0000                               0.0137
2026-10-07 00:31:37,731 INFO wrote /easley/scratch/projects/amitra/amitra2016502/annotation_st_runs/ov/checkpoints/xenium_ov_06_final.h5ad
2026-10-07 00:31:37,759 INFO stage spatial: completed
pipeline done: 2026-10-07T00:31:39-06:00

1,083,808 cells annotated; columns: ['leiden', 'lineage', 'cell_type', 'cell_type_fine', 'caf_subtype_cell', 'immune_compartment', 'immune_subtype', 'csc_status', 'csc_OCSC_z']

== lineage (9 labels)
                       n    pct
lineage                        
Epithelial_tumor  514295  47.45
Fibroblast        148982  13.75
Macrophage_Mono   146937  13.56
Unassigned         75436   6.96
T_NK               74718   6.89
Ovarian_stroma     58481   5.40
Endothelial        37772   3.49
Plasma             27047   2.50
Mesothelial          140   0.01

== cell_type (12 labels)
                               n    pct
cell_type                              
Epithelial_tumor          429906  39.67
Macrophage_Mono           149935  13.83
Fibroblast                148982  13.75
Epithelial_tumor_cycling   84389   7.79
Unassigned                 75436   6.96
T_NK                       73784   6.81
Ovarian_stroma             58481   5.40
Endothelial                37772   3.49
Plasma                     23227   2.14
B_cell                      1718   0.16
Mesothelial                  140   0.01
Dendritic                     38   0.00

== cell_type_fine (43 labels)
                                   n    pct
cell_type_fine                             
Tumor_nonCSC                  484234  44.68
Unassigned                     75436   6.96
Ovarian_stroma                 58481   5.40
myCAF                          42068   3.88
Macrophage_unpolarized         38307   3.53
Endothelial                    37772   3.49
apCAF                          37595   3.47
FB_unassigned                  37160   3.43
Myeloid_spillover_Tumor        34662   3.20
iCAF                           32159   2.97
CSC_like                       30061   2.77
NK                             23875   2.20
Myeloid_spillover_Fibroblast   16320   1.51
Plasma                         12990   1.20
Hypoxic_TAM                    12565   1.16
CD8_T_unspecified              12380   1.14
Treg                           12155   1.12
TREM2_TAM                      11283   1.04
M2_macrophage                  10592   0.98
Proliferating_myeloid           8661   0.80
CD4_T_unspecified               7993   0.74
Macrophage_Mono                 7360   0.68
Monocyte_unspecified            6863   0.63
Bcell_spillover_Fibroblast      5939   0.55
M1_macrophage                   5855   0.54
CD8_cytotoxic                   4288   0.40
Bcell_spillover_Tumor           2881   0.27
CD4_naive_memory                2486   0.23
Proliferating_T                 2296   0.21
Monocyte_classical              1669   0.15
CD8_naive_memory                1530   0.14
Plasmablast                     1417   0.13
mregDC                          1273   0.12
CD4_Th_effector                 1146   0.11
Proliferating_B                  747   0.07
Memory_B                         414   0.04
Naive_B                          250   0.02
GC_B                             227   0.02
Osteoclast_like_giant            160   0.01
Mesothelial                      140   0.01
B_cell                            80   0.01
pDC                               25   0.00
cDC1                              13   0.00
=== regression vs the accepted 2026-09-08 labels ===
cells: 1,083,808 shared, 0 only in new, 0 only in reference
                    agreement     ari  n_disagree  n_labels_ref  n_labels_new
column                                                                       
leiden                 1.0000  1.0000           0            21            21
lineage                1.0000  1.0000           0             9             9
cell_type              0.9977  0.9985        2448            12            12
cell_type_fine         0.9232  0.9906       83280            43            43
caf_subtype_cell       1.0000  1.0000           0             5             5
immune_compartment     0.9991  0.9996        1004             4             4
immune_subtype         0.9232  0.9933       83280            34            34
csc_status             1.0000  1.0000           0             3             3
            n_compared  pearson_r  max_abs_diff  mean_abs_diff  n_missing_in_one
column                                                                          
csc_OCSC_z      514295        1.0           0.0            0.0                 0
finish: 2026-10-07T00:32:02-06:00
