start : 2026-10-06T22:31:27-06:00  on easley021  cpus=32
2026-10-06 22:31:48,502 INFO stage qc: start (never run in this folder)
2026-10-06 22:31:48,503 INFO reading /easley/scratch/projects/amitra/amitra2016502/Xenium_Prime_Human_Lymph_Node_Reactive_FFPE_outs
2026-10-06 22:31:55,989 INFO matrix: 708983 cells x 4624 genes
2026-10-06 22:32:26,377 INFO filter summary:
                   n_cells_flagged  fraction
low_transcripts              13287  0.018741
low_genes                     3840  0.005416
high_control_frac              154  0.000217
area_outlier                 14159  0.019971
no_nucleus                    6683  0.009426
ANY                          31401  0.044290
KEPT                        677582  0.955710
2026-10-06 22:33:04,845 INFO kept 677582 cells, 4623 genes -> /easley/scratch/projects/amitra/amitra2016502/annotation_st_runs/ln/checkpoints/xenium_ln_01_qc.h5ad
2026-10-06 22:33:04,884 INFO stage qc: completed
2026-10-06 22:33:04,886 INFO stage lineage: start (never run in this folder)
2026-10-06 22:33:14,030 INFO loaded 677582 cells x 4623 genes
2026-10-06 22:40:45,444 INFO leiden: 11 clusters
                 n_cells  fraction
cell_type                         
T_NK              213737  0.315441
B_cell            133537  0.197079
Macrophage_Mono    96540  0.142477
Fibroblast         90446  0.133483
Unassigned         46577  0.068740
Endothelial        35514  0.052413
Dendritic          30389  0.044849
Plasma             23032  0.033991
B_cell_cycling      5818  0.008586
FDC                 1992  0.002940
2026-10-06 22:42:18,431 INFO wrote /easley/scratch/projects/amitra/amitra2016502/annotation_st_runs/ln/checkpoints/xenium_ln_02_lineage.h5ad
2026-10-06 22:42:18,448 INFO stage lineage: completed
2026-10-06 22:42:18,450 INFO stage caf: start (never run in this folder)
2026-10-06 22:42:36,169 INFO fibroblast compartment: 90446 cells
2026-10-06 22:42:36,170 INFO no CAF marker sets opted in (markers.caf or caf.marker_files); CAF stage skipped
2026-10-06 22:42:36,179 INFO stage caf: skipped
2026-10-06 22:42:36,180 INFO stage csc: start (never run in this folder)
2026-10-06 22:42:53,583 INFO tumour epithelial compartment: 0 cells
2026-10-06 22:42:53,583 INFO no CSC marker set opted in (markers.csc or csc.marker_file); CSC stage skipped
2026-10-06 22:42:53,592 INFO stage csc: skipped
2026-10-06 22:42:53,593 INFO stage immune: start (never run in this folder)
2026-10-06 22:43:11,761 INFO [TNK] 213737 cells from lineages ['T_NK'] (+0 handed off)
2026-10-06 22:46:41,028 INFO [Bcell] 23032 cells from lineages ['Plasma'] (+0 handed off)
2026-10-06 22:47:02,699 INFO [Myeloid] 96540 cells from lineages ['Macrophage_Mono'] (+0 handed off)
2026-10-06 22:48:24,899 INFO [TNK] final subtypes:
                   n_cells  fraction           level1  n_spillover_flagged
immune_subtype                                                            
CD4_T_unspecified    74842  0.350159            CD4_T                    0
CD4_naive_memory     48671  0.227714            CD4_T                    0
NK                   38448  0.179885               NK                    0
Treg                 28391  0.132831            CD4_T                    0
CD8_T_unspecified     9200  0.043044            CD8_T                    0
CD8_cytotoxic         8264  0.038664            CD8_T                    0
CD8_naive_memory      4059  0.018991            CD8_T                    0
Proliferating_T       1796  0.008403  Proliferating_T                    0
CD8_exhausted           66  0.000309            CD8_T                    0
2026-10-06 22:49:03,748 INFO [TNK] wrote /easley/scratch/projects/amitra/amitra2016502/annotation_st_runs/ln/checkpoints/xenium_ln_05_immune_TNK.h5ad
2026-10-06 22:49:03,758 INFO [Bcell] final subtypes:
                 n_cells  fraction           level1  n_spillover_flagged
immune_subtype                                                          
Plasma             15891  0.689953           Plasma                    0
T_NK                3239  0.140630          cross_T                    0
Macrophage_Mono     1591  0.069078    cross_Myeloid                    0
B_cell              1128  0.048975           B_cell                    0
Proliferating_B      539  0.023402  Proliferating_B                    0
Naive_B              443  0.019234           B_cell                    0
GC_B                 201  0.008727           B_cell                    0
2026-10-06 22:49:09,978 INFO [Bcell] wrote /easley/scratch/projects/amitra/amitra2016502/annotation_st_runs/ln/checkpoints/xenium_ln_05_immune_Bcell.h5ad
2026-10-06 22:49:09,985 INFO [Myeloid] final subtypes:
                        n_cells  fraction              level1  n_spillover_flagged
immune_subtype                                                                    
T_NK                      37363  0.387021             cross_T                    0
Macrophage_unpolarized    25802  0.267267          Macrophage                 9959
TREM2_TAM                 13464  0.139466          Macrophage                  770
Myeloid_unresolved         8270  0.085664  Myeloid_unresolved                    0
M1_macrophage              6661  0.068997          Macrophage                    2
M2_macrophage              3265  0.033820          Macrophage                    0
cDC_unspecified            1284  0.013300                 cDC                    0
mregDC                      431  0.004464                 cDC                    0
2026-10-06 22:49:28,108 INFO [Myeloid] wrote /easley/scratch/projects/amitra/amitra2016502/annotation_st_runs/ln/checkpoints/xenium_ln_05_immune_Myeloid.h5ad
2026-10-06 22:49:30,493 INFO stage immune: completed
2026-10-06 22:49:30,495 INFO stage merge: start (never run in this folder)
2026-10-06 22:49:53,186 WARNING no current caf result; keeping coarse labels
2026-10-06 22:49:53,187 WARNING no current csc result; keeping coarse labels
2026-10-06 22:49:54,002 INFO final cell types:
                        n_cells  fraction
cell_type_fine                           
B_cell                   134665  0.198743
Fibroblast                90446  0.133483
CD4_T_unspecified         74842  0.110455
CD4_naive_memory          48671  0.071830
Unassigned                46577  0.068740
T_NK                      40602  0.059922
NK                        38448  0.056743
Endothelial               35514  0.052413
Dendritic                 30389  0.044849
Treg                      28391  0.041900
Macrophage_unpolarized    25802  0.038080
Plasma                    15891  0.023453
TREM2_TAM                 13464  0.019871
CD8_T_unspecified          9200  0.013578
Myeloid_unresolved         8270  0.012205
CD8_cytotoxic              8264  0.012196
M1_macrophage              6661  0.009831
B_cell_cycling             5818  0.008586
CD8_naive_memory           4059  0.005990
M2_macrophage              3265  0.004819
FDC                        1992  0.002940
Proliferating_T            1796  0.002651
Macrophage_Mono            1591  0.002348
cDC_unspecified            1284  0.001895
Proliferating_B             539  0.000795
Naive_B                     443  0.000654
mregDC                      431  0.000636
GC_B                        201  0.000297
CD8_exhausted                66  0.000097
2026-10-06 22:49:59,753 INFO drew /easley/scratch/projects/amitra/amitra2016502/annotation_st_runs/ln/figures/spatial_cell_type_fine (.png, .pdf): 29 labels in 9 legend groups
2026-10-06 22:51:14,152 INFO wrote /easley/scratch/projects/amitra/amitra2016502/annotation_st_runs/ln/checkpoints/xenium_ln_06_final.h5ad
2026-10-06 22:51:14,179 INFO stage merge: completed
2026-10-06 22:51:14,182 INFO stage spatial: start (never run in this folder)
[34mINFO    [0m Creating graph using `generic` coordinates and `[3;35mNone[0m` transform and `[1;36m1[0m`
         libraries.                                                             
2026-10-06 22:53:31,061 INFO spatial graph: 2012380 edges (edge cut at 21.7 um)
2026-10-06 22:53:39,611 INFO neighbourhood composition:
                          GC_B
B_cell                  0.2633
B_cell_cycling          0.0405
CD4_T_unspecified       0.0791
CD4_naive_memory        0.0169
CD8_T_unspecified       0.0174
CD8_cytotoxic           0.0107
CD8_exhausted           0.0000
CD8_naive_memory        0.0044
Dendritic               0.0234
Endothelial             0.0383
FDC                     0.0268
Fibroblast              0.1169
GC_B                    0.0017
M1_macrophage           0.0083
M2_macrophage           0.0015
Macrophage_Mono         0.0097
Macrophage_unpolarized  0.0121
Myeloid_unresolved      0.0119
NK                      0.0185
Naive_B                 0.0075
Plasma                  0.1052
Proliferating_B         0.0064
Proliferating_T         0.0023
TREM2_TAM               0.0105
T_NK                    0.0584
Treg                    0.0497
Unassigned              0.0576
cDC_unspecified         0.0010
mregDC                  0.0000
2026-10-06 22:54:56,489 INFO wrote /easley/scratch/projects/amitra/amitra2016502/annotation_st_runs/ln/checkpoints/xenium_ln_06_final.h5ad
2026-10-06 22:54:56,516 INFO stage spatial: completed
pipeline done: 2026-10-06T22:55:03-06:00

677,582 cells annotated; columns: ['leiden', 'lineage', 'cell_type', 'cell_type_fine', 'caf_subtype_cell', 'immune_compartment', 'immune_subtype', 'csc_status', 'csc_OCSC_z']

== lineage (9 labels)
                      n    pct
lineage                       
T_NK             213737  31.54
B_cell           139355  20.57
Macrophage_Mono   96540  14.25
Fibroblast        90446  13.35
Unassigned        46577   6.87
Endothelial       35514   5.24
Dendritic         30389   4.48
Plasma            23032   3.40
FDC                1992   0.29

== cell_type (10 labels)
                      n    pct
cell_type                     
T_NK             216976  32.02
B_cell           135848  20.05
Macrophage_Mono   98131  14.48
Fibroblast        90446  13.35
Unassigned        46577   6.87
Endothelial       35514   5.24
Dendritic         30389   4.48
Plasma            15891   2.35
B_cell_cycling     5818   0.86
FDC                1992   0.29

== cell_type_fine (29 labels)
                             n    pct
cell_type_fine                       
B_cell                  134665  19.87
Fibroblast               90446  13.35
CD4_T_unspecified        74842  11.05
CD4_naive_memory         48671   7.18
Unassigned               46577   6.87
T_NK                     40602   5.99
NK                       38448   5.67
Endothelial              35514   5.24
Dendritic                30389   4.48
Treg                     28391   4.19
Macrophage_unpolarized   25802   3.81
Plasma                   15891   2.35
TREM2_TAM                13464   1.99
CD8_T_unspecified         9200   1.36
Myeloid_unresolved        8270   1.22
CD8_cytotoxic             8264   1.22
M1_macrophage             6661   0.98
B_cell_cycling            5818   0.86
CD8_naive_memory          4059   0.60
M2_macrophage             3265   0.48
FDC                       1992   0.29
Proliferating_T           1796   0.27
Macrophage_Mono           1591   0.23
cDC_unspecified           1284   0.19
Proliferating_B            539   0.08
Naive_B                    443   0.07
mregDC                     431   0.06
GC_B                       201   0.03
CD8_exhausted               66   0.01
finish: 2026-10-06T22:55:05-06:00
