2026-10-06 23:17:49.541599: I tensorflow/core/util/port.cc:153] oneDNN custom operations are on. You may see slightly different numerical results due to floating-point round-off errors from different computation orders. To turn them off, set the environment variable `TF_ENABLE_ONEDNN_OPTS=0`.
2026-10-06 23:17:49.590247: I tensorflow/core/platform/cpu_feature_guard.cc:210] This TensorFlow binary is optimized to use available CPU instructions in performance-critical operations.
To enable the following instructions: AVX2 AVX512F AVX512_VNNI AVX512_BF16 AVX512_FP16 AVX_VNNI AMX_TILE AMX_INT8 AMX_BF16 FMA, in other operations, rebuild TensorFlow with the appropriate compiler flags.
2026-10-06 23:17:53.626428: I tensorflow/core/util/port.cc:153] oneDNN custom operations are on. You may see slightly different numerical results due to floating-point round-off errors from different computation orders. To turn them off, set the environment variable `TF_ENABLE_ONEDNN_OPTS=0`.
/users/jiwang1/.conda/envs/spatioloji/lib/python3.12/site-packages/scanpy/tools/_rank_genes_groups.py:458: PerformanceWarning: DataFrame is highly fragmented.  This is usually the result of calling `frame.insert` many times, which has poor performance.  Consider joining all columns at once using pd.concat(axis=1) instead. To get a de-fragmented frame, use `newframe = frame.copy()`
  self.stats[group_name, "names"] = self.var_names[global_indices]
/users/jiwang1/.conda/envs/spatioloji/lib/python3.12/site-packages/scanpy/tools/_rank_genes_groups.py:460: PerformanceWarning: DataFrame is highly fragmented.  This is usually the result of calling `frame.insert` many times, which has poor performance.  Consider joining all columns at once using pd.concat(axis=1) instead. To get a de-fragmented frame, use `newframe = frame.copy()`
  self.stats[group_name, "scores"] = scores[global_indices]
/users/jiwang1/.conda/envs/spatioloji/lib/python3.12/site-packages/scanpy/tools/_rank_genes_groups.py:463: PerformanceWarning: DataFrame is highly fragmented.  This is usually the result of calling `frame.insert` many times, which has poor performance.  Consider joining all columns at once using pd.concat(axis=1) instead. To get a de-fragmented frame, use `newframe = frame.copy()`
  self.stats[group_name, "pvals"] = pvals[global_indices]
/users/jiwang1/.conda/envs/spatioloji/lib/python3.12/site-packages/scanpy/tools/_rank_genes_groups.py:473: PerformanceWarning: DataFrame is highly fragmented.  This is usually the result of calling `frame.insert` many times, which has poor performance.  Consider joining all columns at once using pd.concat(axis=1) instead. To get a de-fragmented frame, use `newframe = frame.copy()`
  self.stats[group_name, "pvals_adj"] = pvals_adj[global_indices]
/users/jiwang1/.conda/envs/spatioloji/lib/python3.12/site-packages/scanpy/tools/_rank_genes_groups.py:484: PerformanceWarning: DataFrame is highly fragmented.  This is usually the result of calling `frame.insert` many times, which has poor performance.  Consider joining all columns at once using pd.concat(axis=1) instead. To get a de-fragmented frame, use `newframe = frame.copy()`
  self.stats[group_name, "logfoldchanges"] = np.log2(
/users/jiwang1/.conda/envs/spatioloji/lib/python3.12/site-packages/scanpy/plotting/_utils.py:465: ImplicitModificationWarning: Trying to modify attribute `._uns` of view, initializing view as actual.
  adata.uns[f"{value_to_plot}_colors"] = colors_list
/users/jiwang1/.conda/envs/spatioloji/lib/python3.12/site-packages/scanpy/plotting/_utils.py:465: ImplicitModificationWarning: Trying to modify attribute `._uns` of view, initializing view as actual.
  adata.uns[f"{value_to_plot}_colors"] = colors_list
/users/jiwang1/.conda/envs/spatioloji/lib/python3.12/site-packages/scanpy/tools/_rank_genes_groups.py:458: PerformanceWarning: DataFrame is highly fragmented.  This is usually the result of calling `frame.insert` many times, which has poor performance.  Consider joining all columns at once using pd.concat(axis=1) instead. To get a de-fragmented frame, use `newframe = frame.copy()`
  self.stats[group_name, "names"] = self.var_names[global_indices]
/users/jiwang1/.conda/envs/spatioloji/lib/python3.12/site-packages/scanpy/tools/_rank_genes_groups.py:460: PerformanceWarning: DataFrame is highly fragmented.  This is usually the result of calling `frame.insert` many times, which has poor performance.  Consider joining all columns at once using pd.concat(axis=1) instead. To get a de-fragmented frame, use `newframe = frame.copy()`
  self.stats[group_name, "scores"] = scores[global_indices]
/users/jiwang1/.conda/envs/spatioloji/lib/python3.12/site-packages/scanpy/tools/_rank_genes_groups.py:463: PerformanceWarning: DataFrame is highly fragmented.  This is usually the result of calling `frame.insert` many times, which has poor performance.  Consider joining all columns at once using pd.concat(axis=1) instead. To get a de-fragmented frame, use `newframe = frame.copy()`
  self.stats[group_name, "pvals"] = pvals[global_indices]
/users/jiwang1/.conda/envs/spatioloji/lib/python3.12/site-packages/scanpy/tools/_rank_genes_groups.py:473: PerformanceWarning: DataFrame is highly fragmented.  This is usually the result of calling `frame.insert` many times, which has poor performance.  Consider joining all columns at once using pd.concat(axis=1) instead. To get a de-fragmented frame, use `newframe = frame.copy()`
  self.stats[group_name, "pvals_adj"] = pvals_adj[global_indices]
/users/jiwang1/.conda/envs/spatioloji/lib/python3.12/site-packages/scanpy/tools/_rank_genes_groups.py:484: PerformanceWarning: DataFrame is highly fragmented.  This is usually the result of calling `frame.insert` many times, which has poor performance.  Consider joining all columns at once using pd.concat(axis=1) instead. To get a de-fragmented frame, use `newframe = frame.copy()`
  self.stats[group_name, "logfoldchanges"] = np.log2(
/users/jiwang1/.conda/envs/spatioloji/lib/python3.12/site-packages/scanpy/tools/_rank_genes_groups.py:458: PerformanceWarning: DataFrame is highly fragmented.  This is usually the result of calling `frame.insert` many times, which has poor performance.  Consider joining all columns at once using pd.concat(axis=1) instead. To get a de-fragmented frame, use `newframe = frame.copy()`
  self.stats[group_name, "names"] = self.var_names[global_indices]
/users/jiwang1/.conda/envs/spatioloji/lib/python3.12/site-packages/scanpy/tools/_rank_genes_groups.py:460: PerformanceWarning: DataFrame is highly fragmented.  This is usually the result of calling `frame.insert` many times, which has poor performance.  Consider joining all columns at once using pd.concat(axis=1) instead. To get a de-fragmented frame, use `newframe = frame.copy()`
  self.stats[group_name, "scores"] = scores[global_indices]
/users/jiwang1/.conda/envs/spatioloji/lib/python3.12/site-packages/scanpy/tools/_rank_genes_groups.py:463: PerformanceWarning: DataFrame is highly fragmented.  This is usually the result of calling `frame.insert` many times, which has poor performance.  Consider joining all columns at once using pd.concat(axis=1) instead. To get a de-fragmented frame, use `newframe = frame.copy()`
  self.stats[group_name, "pvals"] = pvals[global_indices]
/users/jiwang1/.conda/envs/spatioloji/lib/python3.12/site-packages/scanpy/tools/_rank_genes_groups.py:473: PerformanceWarning: DataFrame is highly fragmented.  This is usually the result of calling `frame.insert` many times, which has poor performance.  Consider joining all columns at once using pd.concat(axis=1) instead. To get a de-fragmented frame, use `newframe = frame.copy()`
  self.stats[group_name, "pvals_adj"] = pvals_adj[global_indices]
/users/jiwang1/.conda/envs/spatioloji/lib/python3.12/site-packages/scanpy/tools/_rank_genes_groups.py:484: PerformanceWarning: DataFrame is highly fragmented.  This is usually the result of calling `frame.insert` many times, which has poor performance.  Consider joining all columns at once using pd.concat(axis=1) instead. To get a de-fragmented frame, use `newframe = frame.copy()`
  self.stats[group_name, "logfoldchanges"] = np.log2(
/users/jiwang1/.conda/envs/spatioloji/lib/python3.12/site-packages/pyproj/network.py:59: UserWarning: pyproj unable to set PROJ database path.
  _set_context_ca_bundle_path(ca_bundle_path)
/users/jiwang1/.conda/envs/spatioloji/lib/python3.12/site-packages/squidpy/gr/_nhood.py:217: RuntimeWarning: divide by zero encountered in divide
  zscore = (count - perms.mean(axis=0)) / perms.std(axis=0)
/users/jiwang1/.conda/envs/spatioloji/lib/python3.12/site-packages/squidpy/gr/_nhood.py:217: RuntimeWarning: invalid value encountered in divide
  zscore = (count - perms.mean(axis=0)) / perms.std(axis=0)
